// Jest Snapshot v1, https://goo.gl/fbAQLP

exports[`App Component renders correctly 1`] = `
<div
  className="App"
>
  <MainLayout />
</div>
`;
